Source QASM: /home/gage/Quantum_Class/Phys765/qLDPC_Qasms/bb_n72_k12_d6_cz_syndrome.qasm
Config: /home/gage/Quantum_Class/Phys765/qLDPC_Qasms/bb_n72_k12_d6_cz_syndrome.json
Seed: 0

naive_n_dag config loaded
dimensions=[12, 12] num_NA=144 qasm_dir=/home/gage/Quantum_Class/Phys765/qLDPC_Qasms
qasm_file=/home/gage/Quantum_Class/Phys765/qLDPC_Qasms/bb_n72_k12_d6_cz_syndrome.qasm
max_dimension=[12, 12]
fill_strategy=fastsa
schedule_output_dir=/home/gage/Quantum_Class/Phys765/qLDPC_Qasms/OUTPUT
reorder_cz=True
selected_schedule=reset_only
reused_groups=0
candidate_reset_only_time=100849.19521436386 microsecond
candidate_reuse_time=100849.19521436386 microsecond
candidate_sequential_home_time=344451.20644086716 microsecond
candidate_naive_dag_time=337142.1965484148 microsecond
two_qubit_layers=12
scheduled_timesteps=895
estimated_time=100849.19521436386 microsecond
schedule_file=/home/gage/Quantum_Class/Phys765/qLDPC_Qasms/OUTPUT/bb_n72_k12_d6_cz_syndrome.fastsa.naive_n_dag.schedule.txt
fastsa_log_file=/home/gage/Quantum_Class/Phys765/qLDPC_Qasms/OUTPUT/bb_n72_k12_d6_cz_syndrome.fastsa.naive_n_dag.fastsa_log.csv

Batch result: success
Validation warning: Saved schedule does not preserve all operations, wire order, and measurement bits
