Source QASM: /home/gage/Quantum_Class/Phys765/qLDPC_Qasms/hgp_repetition_n41_k1_d5_cz_syndrome.qasm
Config: /home/gage/Quantum_Class/Phys765/qLDPC_Qasms/hgp_repetition_n41_k1_d5_cz_syndrome.json
Seed: 0

naive_n_dag config loaded
dimensions=[9, 9] num_NA=81 qasm_dir=/home/gage/Quantum_Class/Phys765/qLDPC_Qasms
qasm_file=/home/gage/Quantum_Class/Phys765/qLDPC_Qasms/hgp_repetition_n41_k1_d5_cz_syndrome.qasm
max_dimension=[9, 9]
fill_strategy=fastsa
schedule_output_dir=/home/gage/Quantum_Class/Phys765/qLDPC_Qasms/OUTPUT
reorder_cz=True
selected_schedule=reset_only
reused_groups=0
candidate_reset_only_time=29541.6585205135 microsecond
candidate_reuse_time=29541.6585205135 microsecond
candidate_sequential_home_time=96337.16512105973 microsecond
candidate_naive_dag_time=93827.82004572863 microsecond
two_qubit_layers=8
scheduled_timesteps=280
estimated_time=29541.6585205135 microsecond
schedule_file=/home/gage/Quantum_Class/Phys765/qLDPC_Qasms/OUTPUT/hgp_repetition_n41_k1_d5_cz_syndrome.fastsa.naive_n_dag.schedule.txt
fastsa_log_file=/home/gage/Quantum_Class/Phys765/qLDPC_Qasms/OUTPUT/hgp_repetition_n41_k1_d5_cz_syndrome.fastsa.naive_n_dag.fastsa_log.csv

Batch result: success
Validation warning: Saved schedule does not preserve all operations, wire order, and measurement bits
