Source QASM: /home/gage/Quantum_Class/Phys765/qLDPC_Qasms/surface_rotated_n25_k1_d5_cz_syndrome.qasm
Config: /home/gage/Quantum_Class/Phys765/qLDPC_Qasms/surface_rotated_n25_k1_d5_cz_syndrome.json
Seed: 0

naive_n_dag config loaded
dimensions=[7, 7] num_NA=49 qasm_dir=/home/gage/Quantum_Class/Phys765/qLDPC_Qasms
qasm_file=/home/gage/Quantum_Class/Phys765/qLDPC_Qasms/surface_rotated_n25_k1_d5_cz_syndrome.qasm
max_dimension=[7, 7]
fill_strategy=fastsa
schedule_output_dir=/home/gage/Quantum_Class/Phys765/qLDPC_Qasms/OUTPUT
reorder_cz=True
selected_schedule=reset_only
reused_groups=0
candidate_reset_only_time=14943.132144377976 microsecond
candidate_reuse_time=14943.132144377976 microsecond
candidate_sequential_home_time=46861.20318671959 microsecond
candidate_naive_dag_time=44404.407062881764 microsecond
two_qubit_layers=8
scheduled_timesteps=157
estimated_time=14943.132144377976 microsecond
schedule_file=/home/gage/Quantum_Class/Phys765/qLDPC_Qasms/OUTPUT/surface_rotated_n25_k1_d5_cz_syndrome.fastsa.naive_n_dag.schedule.txt
fastsa_log_file=/home/gage/Quantum_Class/Phys765/qLDPC_Qasms/OUTPUT/surface_rotated_n25_k1_d5_cz_syndrome.fastsa.naive_n_dag.fastsa_log.csv

Batch result: success
Validation warning: Saved schedule does not preserve all operations, wire order, and measurement bits
