Source QASM: /home/gage/Quantum_Class/Phys765/qLDPC_Qasms/toric_n50_k2_d5_cz_syndrome.qasm
Config: /home/gage/Quantum_Class/Phys765/qLDPC_Qasms/toric_n50_k2_d5_cz_syndrome.json
Seed: 0

naive_n_dag config loaded
dimensions=[10, 10] num_NA=100 qasm_dir=/home/gage/Quantum_Class/Phys765/qLDPC_Qasms
qasm_file=/home/gage/Quantum_Class/Phys765/qLDPC_Qasms/toric_n50_k2_d5_cz_syndrome.qasm
max_dimension=[10, 10]
fill_strategy=fastsa
schedule_output_dir=/home/gage/Quantum_Class/Phys765/qLDPC_Qasms/OUTPUT
reorder_cz=True
selected_schedule=reset_only
reused_groups=0
candidate_reset_only_time=39674.14221359136 microsecond
candidate_reuse_time=39674.14221359136 microsecond
candidate_sequential_home_time=138423.0191418775 microsecond
candidate_naive_dag_time=133434.58377799237 microsecond
two_qubit_layers=8
scheduled_timesteps=369
estimated_time=39674.14221359136 microsecond
schedule_file=/home/gage/Quantum_Class/Phys765/qLDPC_Qasms/OUTPUT/toric_n50_k2_d5_cz_syndrome.fastsa.naive_n_dag.schedule.txt
fastsa_log_file=/home/gage/Quantum_Class/Phys765/qLDPC_Qasms/OUTPUT/toric_n50_k2_d5_cz_syndrome.fastsa.naive_n_dag.fastsa_log.csv

Batch result: success
Validation warning: Saved schedule does not preserve all operations, wire order, and measurement bits
